Prasad
Nehru
Prasad
Nehru
Prasad
Prasad
Prasad
Prasad
Prasad
Prasad
Prasad
Nehru
Nehru
Nehru
Prasad
Prasad
Prasad
Prasad
Prasad
Nehru
Prasad
Prasad
Prasad
Prasad
Prasad
Prasad
Prasad
Prasad
Prasad
Prasad
Prasad
Prasad
Nehru
Prasad
Nehru
Prasad
Prasad
Prasad
Prasad
Prasad
Prasad
Prasad
Nehru
Nehru
Nehru
Prasad
Prasad
Prasad
Prasad
Prasad
Nehru
Prasad
Prasad
Prasad
Prasad
Prasad
Prasad
Prasad
Prasad
Prasad
Prasad
Prasad
Prasad
Nehru
Prasad
Nehru
Prasad
Prasad
Prasad
Prasad
Prasad
Prasad
Prasad
Nehru
Nehru
Nehru
Prasad
Prasad
Prasad
Prasad
Prasad
Nehru
Prasad
Prasad
Prasad
Prasad
Prasad
Prasad
Prasad
Prasad
Prasad
Prasad
Prasad
Prasad
Nehru
Prasad
Nehru
Prasad
Prasad
Prasad
Prasad
Prasad
Prasad
Prasad
Nehru
Nehru
Nehru
Prasad
Prasad
Prasad
Prasad
Prasad
Nehru
Prasad
Prasad
Prasad
Prasad
Prasad
Prasad
Prasad
Prasad
Prasad
Prasad
Prasad
Prasad
Nehru
Prasad
Nehru
Prasad
Prasad
Prasad
Prasad
Prasad
Prasad
Prasad
Nehru
Nehru
Nehru
Prasad
Prasad
Prasad
Prasad
Prasad
Nehru
Prasad
Prasad
Prasad
Prasad
Prasad
Prasad
Prasad
Prasad
Prasad
Prasad
Prasad
Prasad
Nehru
Prasad
Nehru
Prasad
Prasad
Prasad
Prasad
Prasad
Prasad
Prasad
Nehru
Nehru
Nehru
Prasad
Prasad
Prasad
Prasad
Prasad
Nehru
Prasad
Prasad
Prasad
Prasad
Prasad
Prasad
Prasad
Prasad
Prasad
Prasad
Prasad
Prasad
Nehru
Prasad
Nehru
Prasad
Prasad
Prasad
Prasad
Prasad
Prasad
Prasad
Nehru
Nehru
Nehru
Prasad
Prasad
Prasad
Prasad
Prasad
Nehru
Prasad
Prasad
Prasad
Prasad
Prasad
Prasad
Prasad
Prasad
Prasad
Prasad
Prasad
Prasad
Nehru
Prasad
Nehru
Prasad
Prasad
Prasad
Prasad
Prasad
Prasad
Prasad
Nehru
Nehru
Nehru
Prasad
Prasad
Prasad
Prasad
Prasad
Nehru
Prasad
Prasad
Prasad
Prasad
Prasad
Prasad
Prasad
Prasad
Prasad
Prasad
Prasad
